// Vitest Snapshot v1, https://vitest.dev/guide/snapshot.html

exports[`MapRender.svelte > mounts 1`] = `"<div><div class=\\"flex gap-2 border-4 border-black h-full bg-stone-400\\"><p>loading...</p><!--<Game>--></div><!--<MapRender>--></div>"`;
